
  .   ____          _            __ _ _
 /\\ / ___'_ __ _ _(_)_ __  __ _ \ \ \ \
( ( )\___ | '_ | '_| | '_ \/ _` | \ \ \ \
 \\/  ___)| |_)| | | | | || (_| |  ) ) ) )
  '  |____| .__|_| |_|_| |_\__, | / / / /
 =========|_|==============|___/=/_/_/_/

 :: Spring Boot ::                (v3.4.1)

2026-03-09T16:19:57.493+07:00  INFO 92915 --- [hotel] [           main] com.hsf.hotel.HotelApplication           : Starting HotelApplication v0.0.1-SNAPSHOT using Java 24.0.1 with PID 92915 (/Users/lamy/Desktop/Hotel/target/hotel-0.0.1-SNAPSHOT.jar started by lamy in /Users/lamy/Desktop/Hotel)
2026-03-09T16:19:57.494+07:00  INFO 92915 --- [hotel] [           main] com.hsf.hotel.HotelApplication           : No active profile set, falling back to 1 default profile: "default"
2026-03-09T16:19:57.936+07:00  INFO 92915 --- [hotel] [           main] .s.d.r.c.RepositoryConfigurationDelegate : Bootstrapping Spring Data JPA repositories in DEFAULT mode.
2026-03-09T16:19:58.064+07:00  INFO 92915 --- [hotel] [           main] .s.d.r.c.RepositoryConfigurationDelegate : Finished Spring Data repository scanning in 122 ms. Found 5 JPA repository interfaces.
WARNING: A restricted method in java.lang.System has been called
WARNING: java.lang.System::load has been called by org.apache.tomcat.jni.Library in an unnamed module (jar:nested:/Users/lamy/Desktop/Hotel/target/hotel-0.0.1-SNAPSHOT.jar/!BOOT-INF/lib/tomcat-embed-core-10.1.34.jar!/)
WARNING: Use --enable-native-access=ALL-UNNAMED to avoid a warning for callers in this module
WARNING: Restricted methods will be blocked in a future release unless native access is enabled

2026-03-09T16:19:58.443+07:00  INFO 92915 --- [hotel] [           main] o.s.b.w.embedded.tomcat.TomcatWebServer  : Tomcat initialized with port 8080 (http)
2026-03-09T16:19:58.452+07:00  INFO 92915 --- [hotel] [           main] o.apache.catalina.core.StandardService   : Starting service [Tomcat]
2026-03-09T16:19:58.452+07:00  INFO 92915 --- [hotel] [           main] o.apache.catalina.core.StandardEngine    : Starting Servlet engine: [Apache Tomcat/10.1.34]
2026-03-09T16:19:58.471+07:00  INFO 92915 --- [hotel] [           main] o.a.c.c.C.[Tomcat].[localhost].[/]       : Initializing Spring embedded WebApplicationContext
2026-03-09T16:19:58.471+07:00  INFO 92915 --- [hotel] [           main] w.s.c.ServletWebServerApplicationContext : Root WebApplicationContext: initialization completed in 949 ms
2026-03-09T16:19:58.583+07:00  INFO 92915 --- [hotel] [           main] o.hibernate.jpa.internal.util.LogHelper  : HHH000204: Processing PersistenceUnitInfo [name: default]
2026-03-09T16:19:58.625+07:00  INFO 92915 --- [hotel] [           main] org.hibernate.Version                    : HHH000412: Hibernate ORM core version 6.6.4.Final
2026-03-09T16:19:58.650+07:00  INFO 92915 --- [hotel] [           main] o.h.c.internal.RegionFactoryInitiator    : HHH000026: Second-level cache disabled
2026-03-09T16:19:58.829+07:00  INFO 92915 --- [hotel] [           main] o.s.o.j.p.SpringPersistenceUnitInfo      : No LoadTimeWeaver setup: ignoring JPA class transformer
2026-03-09T16:19:58.848+07:00  INFO 92915 --- [hotel] [           main] com.zaxxer.hikari.HikariDataSource       : HikariPool-1 - Starting...
2026-03-09T16:19:59.153+07:00  INFO 92915 --- [hotel] [           main] com.zaxxer.hikari.pool.HikariPool        : HikariPool-1 - Added connection ConnectionID:1 ClientConnectionId: 0e697e37-e356-496e-a53a-1a5ae1532a3e
2026-03-09T16:19:59.154+07:00  INFO 92915 --- [hotel] [           main] com.zaxxer.hikari.HikariDataSource       : HikariPool-1 - Start completed.
2026-03-09T16:19:59.192+07:00  WARN 92915 --- [hotel] [           main] org.hibernate.orm.deprecation            : HHH90000025: SQLServerDialect does not need to be specified explicitly using 'hibernate.dialect' (remove the property setting and it will be selected by default)
2026-03-09T16:19:59.205+07:00  INFO 92915 --- [hotel] [           main] org.hibernate.orm.connections.pooling    : HHH10001005: Database info:
	Database JDBC URL [Connecting through datasource 'HikariDataSource (HikariPool-1)']
	Database driver: undefined/unknown
	Database version: 16.0
	Autocommit mode: undefined/unknown
	Isolation level: undefined/unknown
	Minimum pool size: undefined/unknown
	Maximum pool size: undefined/unknown
2026-03-09T16:20:01.122+07:00  INFO 92915 --- [hotel] [           main] o.h.e.t.j.p.i.JtaPlatformInitiator       : HHH000489: No JTA platform available (set 'hibernate.transaction.jta.platform' to enable JTA platform integration)
2026-03-09T16:20:01.826+07:00  INFO 92915 --- [hotel] [           main] j.LocalContainerEntityManagerFactoryBean : Initialized JPA EntityManagerFactory for persistence unit 'default'
2026-03-09T16:20:02.548+07:00  INFO 92915 --- [hotel] [           main] o.s.d.j.r.query.QueryEnhancerFactory     : Hibernate is in classpath; If applicable, HQL parser will be used.
WARNING: A terminally deprecated method in sun.misc.Unsafe has been called
WARNING: sun.misc.Unsafe::allocateMemory has been called by io.netty.util.internal.PlatformDependent0$2 (jar:nested:/Users/lamy/Desktop/Hotel/target/hotel-0.0.1-SNAPSHOT.jar/!BOOT-INF/lib/netty-common-4.1.116.Final.jar!/)
WARNING: Please consider reporting this to the maintainers of class io.netty.util.internal.PlatformDependent0$2
WARNING: sun.misc.Unsafe::allocateMemory will be removed in a future release
2026-03-09T16:20:05.926+07:00  WARN 92915 --- [hotel] [           main] JpaBaseConfiguration$JpaWebConfiguration : spring.jpa.open-in-view is enabled by default. Therefore, database queries may be performed during view rendering. Explicitly configure spring.jpa.open-in-view to disable this warning
2026-03-09T16:20:05.966+07:00  INFO 92915 --- [hotel] [           main] r$InitializeUserDetailsManagerConfigurer : Global AuthenticationManager configured with UserDetailsService bean with name userDetailsService
2026-03-09T16:20:06.015+07:00  INFO 92915 --- [hotel] [           main] o.s.b.a.w.s.WelcomePageHandlerMapping    : Adding welcome page template: index
2026-03-09T16:20:07.024+07:00  INFO 92915 --- [hotel] [           main] o.s.b.w.embedded.tomcat.TomcatWebServer  : Tomcat started on port 8080 (http) with context path '/'
2026-03-09T16:20:07.108+07:00  INFO 92915 --- [hotel] [           main] com.hsf.hotel.HotelApplication           : Started HotelApplication in 9.838 seconds (process running for 10.441)
⏰ Running auto-cancel check for expired bookings...
Hibernate: 
    select
        u1_0.id,
        u1_0.avatar_filename,
        u1_0.created_at,
        u1_0.email,
        u1_0.email_verified,
        u1_0.full_name,
        u1_0.password,
        u1_0.reset_token,
        u1_0.reset_token_expiry,
        u1_0.role,
        u1_0.token_expiry,
        u1_0.username,
        u1_0.verification_token 
    from
        users u1_0 
    where
        u1_0.username=?
Hibernate: 
    select
        b1_0.id,
        b1_0.approved_at,
        b1_0.approved_by,
        b1_0.check_in_date,
        b1_0.check_out_date,
        b1_0.created_at,
        b1_0.guest_name,
        b1_0.guest_phone,
        b1_0.notes,
        b1_0.paid_at,
        b1_0.payment_deadline,
        b1_0.rejection_reason,
        b1_0.room_id,
        b1_0.status,
        b1_0.total_price,
        b1_0.user_id 
    from
        bookings b1_0 
    where
        b1_0.status='AWAITING_PAYMENT' 
        and b1_0.payment_deadline is not null 
        and b1_0.payment_deadline<?
✅ No expired bookings found
Hibernate: 
    select
        u1_0.id,
        u1_0.avatar_filename,
        u1_0.created_at,
        u1_0.email,
        u1_0.email_verified,
        u1_0.full_name,
        u1_0.password,
        u1_0.reset_token,
        u1_0.reset_token_expiry,
        u1_0.role,
        u1_0.token_expiry,
        u1_0.username,
        u1_0.verification_token 
    from
        users u1_0 
    where
        u1_0.username=?
Hibernate: 
    select
        u1_0.id,
        u1_0.avatar_filename,
        u1_0.created_at,
        u1_0.email,
        u1_0.email_verified,
        u1_0.full_name,
        u1_0.password,
        u1_0.reset_token,
        u1_0.reset_token_expiry,
        u1_0.role,
        u1_0.token_expiry,
        u1_0.username,
        u1_0.verification_token 
    from
        users u1_0 
    where
        u1_0.id=?
Hibernate: 
    update
        users 
    set
        avatar_filename=?,
        created_at=?,
        email=?,
        email_verified=?,
        full_name=?,
        password=?,
        reset_token=?,
        reset_token_expiry=?,
        role=?,
        token_expiry=?,
        username=?,
        verification_token=? 
    where
        id=?
✅ Đã cập nhật tài khoản admin: username=admin, password=admin
Hibernate: 
    select
        count_big(*) 
    from
        rooms r1_0
