mvn : WARNING: A restricted method in 
java.lang.System has been called
At line:1 char:1
+ mvn compile 2>&1 | Out-String | 
Set-Content -Path build.log -Encoding 
...
+ ~~~~~~~~~~~~~~~~
    + CategoryInfo          : NotSpeci 
   fied: (WARNING: A rest...has been   
  called:String) [], RemoteException
    + FullyQualifiedErrorId : NativeCo 
   mmandError
 
WARNING: java.lang.System::load has 
been called by org.fusesource.jansi.int
ernal.JansiLoader in an unnamed module 
(file:/C:/Program%20Files/apache-maven-
3.9.9/lib/jansi-2.4.1.jar)
WARNING: Use 
--enable-native-access=ALL-UNNAMED to 
avoid a warning for callers in this 
module
WARNING: Restricted methods will be 
blocked in a future release unless 
native access is enabled

WARNING: A terminally deprecated 
method in sun.misc.Unsafe has been 
called
WARNING: 
sun.misc.Unsafe::objectFieldOffset has 
been called by com.google.common.util.c
oncurrent.AbstractFuture$UnsafeAtomicHe
lper (file:/C:/Program%20Files/apache-m
aven-3.9.9/lib/guava-33.2.1-jre.jar)
WARNING: Please consider reporting 
this to the maintainers of class com.go
ogle.common.util.concurrent.AbstractFut
ure$UnsafeAtomicHelper
WARNING: 
sun.misc.Unsafe::objectFieldOffset 
will be removed in a future release
[INFO] Scanning for projects...
[INFO] 
[INFO] ---------------------------< com.hsf:hotel >----------------------------
[INFO] Building hotel 0.0.1-SNAPSHOT
[INFO]   from pom.xml
[INFO] --------------------------------[ jar ]---------------------------------
[INFO] 
[INFO] --- resources:3.3.1:resources (default-resources) @ hotel ---
[INFO] Copying 1 resource from src\main\resources to target\classes
[INFO] Copying 27 resources from src\main\resources to target\classes
[INFO] 
[INFO] --- compiler:3.13.0:compile (default-compile) @ hotel ---
[INFO] Nothing to compile - all classes are up to date.
[INFO] ------------------------------------------------------------------------
[INFO] BUILD SUCCESS
[INFO] ------------------------------------------------------------------------
[INFO] Total time:  0.967 s
[INFO] Finished at: 2026-01-26T18:22:44+07:00
[INFO] ------------------------------------------------------------------------

