cmd : WARNING: A restricted 
method in java.lang.System has 
been called
At line:1 char:1
+ cmd /c "mvn compile" 2>&1 | 
Out-File -FilePath 
d:\sab\hotel\error.log ...
+ ~~~~~~~~~~~~~~~~~~~~~~~~~
    + CategoryInfo          :  
   NotSpecified: (WARNING: A   
  rest...has been called:Str   
 ing) [], RemoteException
    + FullyQualifiedErrorId :  
   NativeCommandError
 
WARNING: 
java.lang.System::load has 
been called by org.fusesource.j
ansi.internal.JansiLoader in 
an unnamed module (file:/C:/Pro
gram%20Files/apache-maven-3.9.9
/lib/jansi-2.4.1.jar)
WARNING: Use --enable-native-ac
cess=ALL-UNNAMED to avoid a 
warning for callers in this 
module
WARNING: Restricted methods 
will be blocked in a future 
release unless native access 
is enabled

WARNING: A terminally 
deprecated method in 
sun.misc.Unsafe has been called
WARNING: sun.misc.Unsafe::objec
tFieldOffset has been called 
by com.google.common.util.concu
rrent.AbstractFuture$UnsafeAtom
icHelper (file:/C:/Program%20Fi
les/apache-maven-3.9.9/lib/guav
a-33.2.1-jre.jar)
WARNING: Please consider 
reporting this to the 
maintainers of class com.google
.common.util.concurrent.Abstrac
tFuture$UnsafeAtomicHelper
WARNING: sun.misc.Unsafe::objec
tFieldOffset will be removed 
in a future release
[INFO] Scanning for projects...
[INFO] 
[INFO] ---------------------------< com.hsf:hotel >----------------------------
[INFO] Building hotel 0.0.1-SNAPSHOT
[INFO]   from pom.xml
[INFO] --------------------------------[ jar ]---------------------------------
[INFO] 
[INFO] --- resources:3.3.1:resources (default-resources) @ hotel ---
[INFO] Copying 1 resource from src\main\resources to target\classes
[INFO] Copying 25 resources from src\main\resources to target\classes
[INFO] 
[INFO] --- compiler:3.13.0:compile (default-compile) @ hotel ---
[INFO] Recompiling the module because of changed source code.
[INFO] Compiling 41 source files with javac [debug parameters release 21] to target\classes
[INFO] -------------------------------------------------------------
[ERROR] COMPILATION ERROR : 
[INFO] -------------------------------------------------------------
[ERROR] /D:/sab/hotel/src/main/java/com/hsf/hotel/controller/ReportController.java:[29,80] cannot find symbol
  symbol:   method getStartDate()
  location: variable reportDTO of type com.hsf.hotel.dto.ReportDTO
[ERROR] /D:/sab/hotel/src/main/java/com/hsf/hotel/controller/ReportController.java:[29,106] cannot find symbol
  symbol:   method getEndDate()
  location: variable reportDTO of type com.hsf.hotel.dto.ReportDTO
[ERROR] /D:/sab/hotel/src/main/java/com/hsf/hotel/controller/ReportController.java:[43,83] cannot find symbol
  symbol:   method getStartDate()
  location: variable reportDTO of type com.hsf.hotel.dto.ReportDTO
[ERROR] /D:/sab/hotel/src/main/java/com/hsf/hotel/controller/ReportController.java:[43,109] cannot find symbol
  symbol:   method getEndDate()
  location: variable reportDTO of type com.hsf.hotel.dto.ReportDTO
[INFO] 4 errors 
[INFO] -------------------------------------------------------------
[INFO] ------------------------------------------------------------------------
[INFO] BUILD FAILURE
[INFO] ------------------------------------------------------------------------
[INFO] Total time:  5.678 s
[INFO] Finished at: 2026-01-22T22:46:50+07:00
[INFO] ------------------------------------------------------------------------
[ERROR] Failed to execute goal org.apache.maven.plugins:maven-compiler-plugin:3.13.0:compile (default-compile) on project hotel: Compilation failure: Compilation failure: 
[ERROR] /D:/sab/hotel/src/main/java/com/hsf/hotel/controller/ReportController.java:[29,80] cannot find symbol
[ERROR]   symbol:   method getStartDate()
[ERROR]   location: variable reportDTO of type com.hsf.hotel.dto.ReportDTO
[ERROR] /D:/sab/hotel/src/main/java/com/hsf/hotel/controller/ReportController.java:[29,106] cannot find symbol
[ERROR]   symbol:   method getEndDate()
[ERROR]   location: variable reportDTO of type com.hsf.hotel.dto.ReportDTO
[ERROR] /D:/sab/hotel/src/main/java/com/hsf/hotel/controller/ReportController.java:[43,83] cannot find symbol
[ERROR]   symbol:   method getStartDate()
[ERROR]   location: variable reportDTO of type com.hsf.hotel.dto.ReportDTO
[ERROR] /D:/sab/hotel/src/main/java/com/hsf/hotel/controller/ReportController.java:[43,109] cannot find symbol
[ERROR]   symbol:   method getEndDate()
[ERROR]   location: variable reportDTO of type com.hsf.hotel.dto.ReportDTO
[ERROR] -> [Help 1]
[ERROR] 
[ERROR] To see the full stack trace of the errors, re-run Maven with the -e switch.
[ERROR] Re-run Maven using the -X switch to enable full debug logging.
[ERROR] 
[ERROR] For more information about the errors and possible solutions, please read the following articles:
[ERROR] [Help 1] http://cwiki.apache.org/confluence/display/MAVEN/MojoFailureException
